// Vitest Snapshot v1, https://vitest.dev/guide/snapshot.html

exports[`Demo snapshot > matches 1`] = `
<div
  class="space-y-4 rounded border border-dashed border-gray-400 p-4 text-center"
>
  <p>
    Snapshot
     ðŸ˜Š
  </p>
  <div
    class="h-64"
  >
    <div
      class="h-full w-full"
    />
  </div>
</div>
`;
